// Jest Snapshot v1, https://goo.gl/fbAQLP

exports[`<TranslateAsChild/> should render 1`] = `
<TranslateAsChild>
  <FormattedMessage
    id="fake.id"
  >
    <span>
      fake.id
    </span>
  </FormattedMessage>
</TranslateAsChild>
`;
